{
    "file": "tests\/fixtures\/Methods.php",
    "matches": [
        {
            "symbol": "OrderService",
            "namespace": "App\\Repo",
            "type": "class",
            "method": "save",
            "startLine": 9,
            "endLine": 11,
            "source": "    public function save(Order $order): void\n    {\n    }\n"
        }
    ]
}